2026/05/18 23:12:08 INFO starting basetalkking server...
2026/05/18 23:12:08 INFO config loaded env=dev
2026/05/18 23:12:08 INFO mysql connected host=127.0.0.1 port=3307 db=basetalkking
2026/05/18 23:12:08 INFO redis connected host=127.0.0.1 port=6379
[GIN-debug] [WARNING] Running in "debug" mode. Switch to "release" mode in production.
 - using env:	export GIN_MODE=release
 - using code:	gin.SetMode(gin.ReleaseMode)

[GIN-debug] GET    /ping                     --> basetalkking/internal/router.Setup.func1 (5 handlers)
[GIN-debug] POST   /api/v1/auth/login        --> basetalkking/internal/handler.(*AuthHandler).Login-fm (6 handlers)
[GIN-debug] POST   /api/v1/auth/register     --> basetalkking/internal/handler.(*AuthHandler).Register-fm (6 handlers)
[GIN-debug] POST   /api/v1/auth/logout       --> basetalkking/internal/handler.(*AuthHandler).Logout-fm (6 handlers)
[GIN-debug] GET    /api/v1/user/profile      --> basetalkking/internal/handler.(*UserHandler).GetProfile-fm (6 handlers)
[GIN-debug] PUT    /api/v1/user/profile      --> basetalkking/internal/handler.(*UserHandler).UpdateProfile-fm (6 handlers)
[GIN-debug] GET    /api/v1/posts             --> basetalkking/internal/handler.(*PostHandler).ListPosts-fm (6 handlers)
[GIN-debug] GET    /api/v1/posts/:id         --> basetalkking/internal/handler.(*PostHandler).GetPost-fm (6 handlers)
[GIN-debug] POST   /api/v1/posts             --> basetalkking/internal/handler.(*PostHandler).CreatePost-fm (6 handlers)
[GIN-debug] PUT    /api/v1/posts/:id         --> basetalkking/internal/handler.(*PostHandler).UpdatePost-fm (6 handlers)
[GIN-debug] DELETE /api/v1/posts/:id         --> basetalkking/internal/handler.(*PostHandler).DeletePost-fm (6 handlers)
[GIN-debug] GET    /api/v1/comments/:id/replies --> basetalkking/internal/handler.(*CommentHandler).GetReplies-fm (6 handlers)
[GIN-debug] POST   /api/v1/comments/:id/like --> basetalkking/internal/handler.(*CommentHandler).LikeComment-fm (6 handlers)
[GIN-debug] DELETE /api/v1/comments/:id      --> basetalkking/internal/handler.(*CommentHandler).DeleteComment-fm (6 handlers)
[GIN-debug] GET    /api/v1/posts/:id/comments --> basetalkking/internal/handler.(*CommentHandler).GetComments-fm (6 handlers)
[GIN-debug] POST   /api/v1/posts/:id/comments --> basetalkking/internal/handler.(*CommentHandler).CreateComment-fm (6 handlers)
[GIN-debug] GET    /api/v1/admin/invites     --> basetalkking/internal/handler.(*AdminHandler).ListInvites-fm (7 handlers)
[GIN-debug] POST   /api/v1/admin/invites     --> basetalkking/internal/handler.(*AdminHandler).GenerateInvites-fm (7 handlers)
[GIN-debug] GET    /api/v1/admin/users       --> basetalkking/internal/handler.(*AdminHandler).ListUsers-fm (7 handlers)
[GIN-debug] PUT    /api/v1/admin/users/:id/ban --> basetalkking/internal/handler.(*AdminHandler).BanUser-fm (7 handlers)
[GIN-debug] GET    /api/v1/admin/posts       --> basetalkking/internal/handler.(*AdminHandler).AdminListPosts-fm (7 handlers)
[GIN-debug] DELETE /api/v1/admin/posts/:id   --> basetalkking/internal/handler.(*AdminHandler).AdminDeletePost-fm (7 handlers)
[GIN-debug] PUT    /api/v1/admin/posts/:id/top --> basetalkking/internal/handler.(*AdminHandler).TopPost-fm (7 handlers)
2026/05/18 23:12:08 INFO server listening addr=:8080
[GIN-debug] [WARNING] You trusted all proxies, this is NOT safe. We recommend you to set a value.
Please check https://github.com/gin-gonic/gin/blob/master/docs/doc.md#dont-trust-all-proxies for details.
[GIN-debug] Listening and serving HTTP on :8080
